
> @documan/api@0.1.0 lint C:\MERN_STACK\Documan\documan\apps\api
> eslint .


C:\MERN_STACK\Documan\documan\apps\api\src\modules\api-specs\run_api_spec_qa.ts
  1:1  warning  Unused eslint-disable directive (no problems were reported from 'no-console')

C:\MERN_STACK\Documan\documan\apps\api\src\modules\api-specs\run_phase7_2_qa.ts
  1:1  warning  Unused eslint-disable directive (no problems were reported from 'no-console')

C:\MERN_STACK\Documan\documan\apps\api\src\modules\change-packages\change-package.controller.ts
  1:1  warning  Unused eslint-disable directive (no problems were reported from '@typescript-eslint/no-unused-vars')

C:\MERN_STACK\Documan\documan\apps\api\src\modules\governance\run_governance_qa.ts
  1:1  warning  Unused eslint-disable directive (no problems were reported from '@typescript-eslint/no-explicit-any')

C:\MERN_STACK\Documan\documan\apps\api\src\modules\governance\run_phase10_qa.ts
  1:1  warning  Unused eslint-disable directive (no problems were reported from 'no-console')

C:\MERN_STACK\Documan\documan\apps\api\src\modules\governance\run_phase11_qa.ts
  1:1  warning  Unused eslint-disable directive (no problems were reported from 'no-console')

C:\MERN_STACK\Documan\documan\apps\api\src\modules\governance\run_phase19_qa.ts
  1:1  warning  Unused eslint-disable directive (no problems were reported from 'no-console')

C:\MERN_STACK\Documan\documan\apps\api\src\modules\governance\run_phase20_qa.ts
  1:1  warning  Unused eslint-disable directive (no problems were reported from 'no-console')

C:\MERN_STACK\Documan\documan\apps\api\src\modules\governance\run_phase21_qa.ts
  1:1  warning  Unused eslint-disable directive (no problems were reported from 'no-console')

C:\MERN_STACK\Documan\documan\apps\api\src\modules\governance\run_phase22_qa.ts
  1:1  warning  Unused eslint-disable directive (no problems were reported from 'no-console')

C:\MERN_STACK\Documan\documan\apps\api\src\modules\governance\run_phase23_qa.ts
  1:1  warning  Unused eslint-disable directive (no problems were reported from 'no-console')

C:\MERN_STACK\Documan\documan\apps\api\src\modules\governance\run_phase24_qa.ts
  1:1  warning  Unused eslint-disable directive (no problems were reported from 'no-console')

C:\MERN_STACK\Documan\documan\apps\api\src\modules\governance\run_phase25_qa.ts
  1:1  warning  Unused eslint-disable directive (no problems were reported from 'no-console')

C:\MERN_STACK\Documan\documan\apps\api\src\modules\governance\run_phase26_qa.ts
  1:1  warning  Unused eslint-disable directive (no problems were reported from 'no-console')

C:\MERN_STACK\Documan\documan\apps\api\src\modules\governance\run_phase27_manual_qa.ts
  1:1  warning  Unused eslint-disable directive (no problems were reported from 'no-console')

C:\MERN_STACK\Documan\documan\apps\api\src\modules\governance\run_phase27_qa.ts
  1:1  warning  Unused eslint-disable directive (no problems were reported from 'no-console')

C:\MERN_STACK\Documan\documan\apps\api\src\modules\governance\run_phase28_qa.ts
  1:1  warning  Unused eslint-disable directive (no problems were reported from 'no-console')

✖ 17 problems (0 errors, 17 warnings)
  0 errors and 17 warnings potentially fixable with the `--fix` option.

